First instance of alpha: 1.234
Second instance of alpha: 2.468
Third instance of alpha: 3.702
Fourth instance of alpha: 4.936
First instance of bravo: 1
Second instance of bravo: 2
Third instance of bravo: 3
Fourth instance of bravo: 4
