---
source: crates/rattler_shell/src/activation.rs
expression: script
---
@SET "PATH=__PREFIX__/bin:/usr/bin:/bin:/usr/sbin:/sbin:/usr/local/bin:%PATH%"
@SET "CONDA_PREFIX=__PREFIX__"

