First instance of alpha: 2.345
Second instance of alpha: 4.69
Third instance of alpha: 7.035
Fourth instance of alpha: 9.38
First instance of bravo: 1
Second instance of bravo: 2
Third instance of bravo: 3
Fourth instance of bravo: 4
