First instance of alpha: 1.234
Second instance of alpha: 2.468
Third instance of alpha: 3.702
Fourth instance of alpha: 4.936
First instance of bravo: 3
Second instance of bravo: 6
Third instance of bravo: 9
Fourth instance of bravo: 12
