First instance of alpha: 3.456
Second instance of alpha: 6.912
Third instance of alpha: 10.368
Fourth instance of alpha: 13.824
First instance of bravo: 1
Second instance of bravo: 2
Third instance of bravo: 3
Fourth instance of bravo: 4
